// Jest Snapshot v1, https://goo.gl/fbAQLP

exports[`Pruebas en <LoginScreen/> debe de mostrarse correctamente el componente  1`] = `
<div
  className="animate__animated animate__fadeIn animate__faster"
>
  <h1
    className="auth__title"
  >
    Login
  </h1>
  <form
    onSubmit={[Function]}
  >
    <input
      autoComplete="off"
      className="auth__input"
      name="email"
      onChange={[Function]}
      placeholder="Email"
      type="text"
      value="yoya@espainosa.com"
    />
    <input
      autoComplete="off"
      className="auth__input"
      name="password"
      onChange={[Function]}
      placeholder="password"
      type="password"
      value="123456"
    />
    <button
      className="btn btn-primary btn-block"
      disabled={false}
      type="submit"
    >
      login
    </button>
    <div
      className="auth__social-networks"
    >
      <p>
        Login with social networks
      </p>
      <div
        className="google-btn"
      >
        <div
          className="google-icon-wrapper"
        >
          <img
            alt="google button"
            className="google-icon"
            src="https://upload.wikimedia.org/wikipedia/commons/5/53/Google_%22G%22_Logo.svg"
          />
        </div>
        <p
          className="btn-text"
          onClick={[Function]}
        >
          <b>
            Sign in with google
          </b>
        </p>
      </div>
    </div>
    <a
      className="link"
      href="/auth/register"
      onClick={[Function]}
    >
      Create new account
    </a>
  </form>
</div>
`;
