// Jest Snapshot v1, https://goo.gl/fbAQLP

exports[`Pruebas en <RegisterScreen/> debe de mostrarse correctamente el componente  1`] = `
<div
  className="animate__animated animate__fadeIn animate__faster"
>
  <h1
    className="auth__title"
  >
    Register
  </h1>
  <form
    onSubmit={[Function]}
  >
    <input
      autoComplete="off"
      className="auth__input"
      name="name"
      onChange={[Function]}
      placeholder="Name"
      type="text"
      value="Yoya"
    />
    <input
      autoComplete="off"
      className="auth__input"
      name="email"
      onChange={[Function]}
      placeholder="Email"
      type="text"
      value="@espainosa"
    />
    <input
      autoComplete="off"
      className="auth__input"
      name="password"
      onChange={[Function]}
      placeholder="Password"
      type="password"
      value="1234"
    />
    <input
      autoComplete="off"
      className="auth__input"
      name="password2"
      onChange={[Function]}
      placeholder="Confirm password"
      type="password"
      value="1234"
    />
    <button
      className="btn btn-primary btn-block mb-5"
      type="submit"
    >
      login
    </button>
    <a
      className="link "
      href="/auth/login"
      onClick={[Function]}
    >
      Already registered?
    </a>
  </form>
</div>
`;
